
> backend-api@1.0.0 dev
> tsx src/server.ts

◇ injected env (26) from ..\.env // tip: ⌘ suppress logs { quiet: true }
node:internal/modules/cjs/loader:1865
  return process.dlopen(module, path.toNamespacedPath(filename));
                 ^

Error: The module '\\?\D:\Drive\Otulia-Mobile\backend\node_modules\better-sqlite3\build\Release\better_sqlite3.node'
was compiled against a different Node.js version using
NODE_MODULE_VERSION 147. This version of Node.js requires
NODE_MODULE_VERSION 127. Please try re-compiling or re-installing
the module (for instance, using `npm rebuild` or `npm install`).
    at Object..node (node:internal/modules/cjs/loader:1865:18)
    at Module.load (node:internal/modules/cjs/loader:1441:32)
    at Function._load (node:internal/modules/cjs/loader:1263:12)
    at TracingChannel.traceSync (node:diagnostics_channel:322:14)
    at wrapModuleLoad (node:internal/modules/cjs/loader:237:24)
    at Module.require (node:internal/modules/cjs/loader:1463:12)
    at require (node:internal/modules/helpers:147:16)
    at bindings (D:\Drive\Otulia-Mobile\backend\node_modules\bindings\bindings.js:112:48)
    at new Database (D:\Drive\Otulia-Mobile\backend\node_modules\better-sqlite3\lib\database.js:48:64)
    at <anonymous> (D:\Drive\Otulia-Mobile\backend\src\db.ts:13:12) {
  code: 'ERR_DLOPEN_FAILED'
}

Node.js v22.19.0
